{
  "version": "1.5.0",
  "plugins_used": [
    {
      "name": "ArtifactoryDetector"
    },
    {
      "name": "AWSKeyDetector"
    },
    {
      "name": "AzureStorageKeyDetector"
    },
    {
      "name": "Base64HighEntropyString",
      "limit": 4.5
    },
    {
      "name": "BasicAuthDetector"
    },
    {
      "name": "CloudantDetector"
    },
    {
      "name": "DiscordBotTokenDetector"
    },
    {
      "name": "GitHubTokenDetector"
    },
    {
      "name": "GitLabTokenDetector"
    },
    {
      "name": "HexHighEntropyString",
      "limit": 3.0
    },
    {
      "name": "IbmCloudIamDetector"
    },
    {
      "name": "IbmCosHmacDetector"
    },
    {
      "name": "IPPublicDetector"
    },
    {
      "name": "JwtTokenDetector"
    },
    {
      "name": "KeywordDetector",
      "keyword_exclude": ""
    },
    {
      "name": "MailchimpDetector"
    },
    {
      "name": "NpmDetector"
    },
    {
      "name": "OpenAIDetector"
    },
    {
      "name": "PrivateKeyDetector"
    },
    {
      "name": "PypiTokenDetector"
    },
    {
      "name": "SendGridDetector"
    },
    {
      "name": "SlackDetector"
    },
    {
      "name": "SoftlayerDetector"
    },
    {
      "name": "SquareOAuthDetector"
    },
    {
      "name": "StripeDetector"
    },
    {
      "name": "TelegramBotTokenDetector"
    },
    {
      "name": "TwilioKeyDetector"
    }
  ],
  "filters_used": [
    {
      "path": "detect_secrets.filters.allowlist.is_line_allowlisted"
    },
    {
      "path": "detect_secrets.filters.common.is_baseline_file",
      "filename": ".secrets.baseline"
    },
    {
      "path": "detect_secrets.filters.common.is_ignored_due_to_verification_policies",
      "min_level": 2
    },
    {
      "path": "detect_secrets.filters.heuristic.is_indirect_reference"
    },
    {
      "path": "detect_secrets.filters.heuristic.is_likely_id_string"
    },
    {
      "path": "detect_secrets.filters.heuristic.is_lock_file"
    },
    {
      "path": "detect_secrets.filters.heuristic.is_not_alphanumeric_string"
    },
    {
      "path": "detect_secrets.filters.heuristic.is_potential_uuid"
    },
    {
      "path": "detect_secrets.filters.heuristic.is_prefixed_with_dollar_sign"
    },
    {
      "path": "detect_secrets.filters.heuristic.is_sequential_string"
    },
    {
      "path": "detect_secrets.filters.heuristic.is_swagger_file"
    },
    {
      "path": "detect_secrets.filters.heuristic.is_templated_secret"
    },
    {
      "path": "detect_secrets.filters.regex.should_exclude_file",
      "pattern": [
        "(^package-lock\\.json$|^.*\\.lock$|^datamock/)"
      ]
    }
  ],
  "results": {
    ".github/workflows/ci.yml": [
      {
        "type": "Secret Keyword",
        "filename": ".github/workflows/ci.yml",
        "hashed_secret": "be2d53bcd0e6f61d2fbee85b6e6a4a9b8ffb5f8b",
        "is_verified": false,
        "line_number": 52
      },
      {
        "type": "Secret Keyword",
        "filename": ".github/workflows/ci.yml",
        "hashed_secret": "79526fff3001041aab1e2bf6df7f0f5cb3988e0d",
        "is_verified": false,
        "line_number": 53
      },
      {
        "type": "Secret Keyword",
        "filename": ".github/workflows/ci.yml",
        "hashed_secret": "e9edde18b44280c4b8600eacca27b9f7b58d13e5",
        "is_verified": false,
        "line_number": 139
      },
      {
        "type": "Basic Auth Credentials",
        "filename": ".github/workflows/ci.yml",
        "hashed_secret": "e9edde18b44280c4b8600eacca27b9f7b58d13e5",
        "is_verified": false,
        "line_number": 163
      }
    ],
    "backend/.env.example": [
      {
        "type": "Basic Auth Credentials",
        "filename": "backend/.env.example",
        "hashed_secret": "7205a0abf00d1daec13c63ece029057c974795a9",
        "is_verified": false,
        "line_number": 20
      }
    ],
    "backend/alembic.ini": [
      {
        "type": "Basic Auth Credentials",
        "filename": "backend/alembic.ini",
        "hashed_secret": "9d4e1e23bd5b727046a9e3b4b7db57bd8d6ee684",
        "is_verified": false,
        "line_number": 4
      }
    ],
    "backend/app/config.py": [
      {
        "type": "Basic Auth Credentials",
        "filename": "backend/app/config.py",
        "hashed_secret": "9d4e1e23bd5b727046a9e3b4b7db57bd8d6ee684",
        "is_verified": false,
        "line_number": 18
      }
    ],
    "backend/app/routers/ai_readiness.py": [
      {
        "type": "Secret Keyword",
        "filename": "backend/app/routers/ai_readiness.py",
        "hashed_secret": "23bfa54f4a43763ada1fedb4f61d6e309171ba2f",
        "is_verified": false,
        "line_number": 103
      }
    ],
    "backend/seeds/seed_data.py": [
      {
        "type": "Secret Keyword",
        "filename": "backend/seeds/seed_data.py",
        "hashed_secret": "7505d64a54e061b7acd54ccd58b49dc43500b635",
        "is_verified": false,
        "line_number": 63
      },
      {
        "type": "Secret Keyword",
        "filename": "backend/seeds/seed_data.py",
        "hashed_secret": "fde76fa969b6574b45cfedef734967787893ba5f",
        "is_verified": false,
        "line_number": 66
      },
      {
        "type": "Secret Keyword",
        "filename": "backend/seeds/seed_data.py",
        "hashed_secret": "249ba36000029bbe97499c03db5a9001f6b734ec",
        "is_verified": false,
        "line_number": 67
      }
    ],
    "backend/tests/test_schemas/test_validation_hardening.py": [
      {
        "type": "Secret Keyword",
        "filename": "backend/tests/test_schemas/test_validation_hardening.py",
        "hashed_secret": "6052acf657148ec39725c596e25bd0612fd301a6",
        "is_verified": false,
        "line_number": 14
      }
    ],
    "docs/operations/reproducibility-reports/2026-02-15-local-rebuild-drill.md": [
      {
        "type": "Basic Auth Credentials",
        "filename": "docs/operations/reproducibility-reports/2026-02-15-local-rebuild-drill.md",
        "hashed_secret": "e9edde18b44280c4b8600eacca27b9f7b58d13e5",
        "is_verified": false,
        "line_number": 32
      }
    ],
    "func/evidence_rag_data/raw/source_snapshot.json": [
      {
        "type": "Hex High Entropy String",
        "filename": "func/evidence_rag_data/raw/source_snapshot.json",
        "hashed_secret": "0b359ceedaf7b38d841e93f8d6a4e93cd1f04a0b",
        "is_verified": false,
        "line_number": 5
      }
    ],
    "reports/03_unified_diff.patch": [
      {
        "type": "Secret Keyword",
        "filename": "reports/03_unified_diff.patch",
        "hashed_secret": "ec3810e10fb78db55ce38b9c18d1c3eb1db739e0",
        "is_verified": false,
        "line_number": 370
      },
      {
        "type": "Secret Keyword",
        "filename": "reports/03_unified_diff.patch",
        "hashed_secret": "be2d53bcd0e6f61d2fbee85b6e6a4a9b8ffb5f8b",
        "is_verified": false,
        "line_number": 1884
      },
      {
        "type": "Secret Keyword",
        "filename": "reports/03_unified_diff.patch",
        "hashed_secret": "79526fff3001041aab1e2bf6df7f0f5cb3988e0d",
        "is_verified": false,
        "line_number": 1885
      },
      {
        "type": "Secret Keyword",
        "filename": "reports/03_unified_diff.patch",
        "hashed_secret": "f95067e6113f408d22bb94ed0181f389f94b31bc",
        "is_verified": false,
        "line_number": 6028
      }
    ],
    "reports/operations/key-rotation-acceptance-20260216T112413Z.logs/e2e_critical.log": [
      {
        "type": "Basic Auth Credentials",
        "filename": "reports/operations/key-rotation-acceptance-20260216T112413Z.logs/e2e_critical.log",
        "hashed_secret": "e9edde18b44280c4b8600eacca27b9f7b58d13e5",
        "is_verified": false,
        "line_number": 7
      }
    ],
    "reports/operations/key-rotation-acceptance-20260216T112413Z.md": [
      {
        "type": "Base64 High Entropy String",
        "filename": "reports/operations/key-rotation-acceptance-20260216T112413Z.md",
        "hashed_secret": "4a3c05223a1c3ed0daeea467b1a28f69ad1db8d7",
        "is_verified": false,
        "line_number": 22
      }
    ],
    "reports/operations/manual-api-evidence-20260217T041454Z/00_context.txt": [
      {
        "type": "Base64 High Entropy String",
        "filename": "reports/operations/manual-api-evidence-20260217T041454Z/00_context.txt",
        "hashed_secret": "e04e906b746789f25c605c497843b4f3be862379",
        "is_verified": false,
        "line_number": 1
      }
    ],
    "reports/operations/manual-api-evidence-20260217T041454Z/01_login.body.json": [
      {
        "type": "JSON Web Token",
        "filename": "reports/operations/manual-api-evidence-20260217T041454Z/01_login.body.json",
        "hashed_secret": "a52412b4d9daeb35e29a0e575c0fa1a48b09a666",
        "is_verified": false,
        "line_number": 1
      },
      {
        "type": "JSON Web Token",
        "filename": "reports/operations/manual-api-evidence-20260217T041454Z/01_login.body.json",
        "hashed_secret": "cba9e350f9769aee1d72d7bc6b99afcbd99eff08",
        "is_verified": false,
        "line_number": 1
      }
    ],
    "reports/operations/manual-api-evidence-20260217T041454Z/05_login2.body.json": [
      {
        "type": "JSON Web Token",
        "filename": "reports/operations/manual-api-evidence-20260217T041454Z/05_login2.body.json",
        "hashed_secret": "ad97c6bb0d3dc47ab0730e2915c7d2ca28d28fe0",
        "is_verified": false,
        "line_number": 1
      },
      {
        "type": "JSON Web Token",
        "filename": "reports/operations/manual-api-evidence-20260217T041454Z/05_login2.body.json",
        "hashed_secret": "f86b47c187cf8174701c35631622eef8845c9f1e",
        "is_verified": false,
        "line_number": 1
      }
    ],
    "reports/operations/manual-api-evidence-20260217T041454Z/10_login3.body.json": [
      {
        "type": "JSON Web Token",
        "filename": "reports/operations/manual-api-evidence-20260217T041454Z/10_login3.body.json",
        "hashed_secret": "5dcccb8019f72cee332a7ea0d0769195ecb1aaa3",
        "is_verified": false,
        "line_number": 1
      },
      {
        "type": "JSON Web Token",
        "filename": "reports/operations/manual-api-evidence-20260217T041454Z/10_login3.body.json",
        "hashed_secret": "76455efada7835ecfc1bd18eac50863e0ebc2218",
        "is_verified": false,
        "line_number": 1
      }
    ],
    "reports/operations/manual-api-evidence-20260217T041454Z/provider_raw/20260217T041636Z_openai_rag_generation_audit2_chat_20260217.json": [
      {
        "type": "Hex High Entropy String",
        "filename": "reports/operations/manual-api-evidence-20260217T041454Z/provider_raw/20260217T041636Z_openai_rag_generation_audit2_chat_20260217.json",
        "hashed_secret": "f0d2f295056183884c6b4c45879ea503bf0c38ff",
        "is_verified": false,
        "line_number": 8
      },
      {
        "type": "Base64 High Entropy String",
        "filename": "reports/operations/manual-api-evidence-20260217T041454Z/provider_raw/20260217T041636Z_openai_rag_generation_audit2_chat_20260217.json",
        "hashed_secret": "2ef0c6cf4c7a00599fe38c0f2535acd48175b87c",
        "is_verified": false,
        "line_number": 10
      }
    ],
    "reports/operations/manual-api-evidence-20260217T041454Z/provider_raw/20260217T041758Z_openai_rag_generation_audit3_chat_20260217.json": [
      {
        "type": "Hex High Entropy String",
        "filename": "reports/operations/manual-api-evidence-20260217T041454Z/provider_raw/20260217T041758Z_openai_rag_generation_audit3_chat_20260217.json",
        "hashed_secret": "f0d2f295056183884c6b4c45879ea503bf0c38ff",
        "is_verified": false,
        "line_number": 8
      },
      {
        "type": "Base64 High Entropy String",
        "filename": "reports/operations/manual-api-evidence-20260217T041454Z/provider_raw/20260217T041758Z_openai_rag_generation_audit3_chat_20260217.json",
        "hashed_secret": "f31f645f83697750cab71346036622873e465a43",
        "is_verified": false,
        "line_number": 10
      }
    ],
    "reports/operations/manual-api-evidence-20260217T041454Z/provider_raw/masked_sample.json": [
      {
        "type": "Hex High Entropy String",
        "filename": "reports/operations/manual-api-evidence-20260217T041454Z/provider_raw/masked_sample.json",
        "hashed_secret": "f0d2f295056183884c6b4c45879ea503bf0c38ff",
        "is_verified": false,
        "line_number": 8
      },
      {
        "type": "Base64 High Entropy String",
        "filename": "reports/operations/manual-api-evidence-20260217T041454Z/provider_raw/masked_sample.json",
        "hashed_secret": "f31f645f83697750cab71346036622873e465a43",
        "is_verified": false,
        "line_number": 10
      }
    ],
    "reports/operations/manual-api-phase2-medications-20260217T042907Z/03_login.body.json": [
      {
        "type": "JSON Web Token",
        "filename": "reports/operations/manual-api-phase2-medications-20260217T042907Z/03_login.body.json",
        "hashed_secret": "2a1bc77648c650a064674670a35e2201efa7eda6",
        "is_verified": false,
        "line_number": 1
      },
      {
        "type": "JSON Web Token",
        "filename": "reports/operations/manual-api-phase2-medications-20260217T042907Z/03_login.body.json",
        "hashed_secret": "67241f742fcaa6fa94cc10c13a6fafc58ec49bb4",
        "is_verified": false,
        "line_number": 1
      }
    ],
    "reports/operations/manual-api-phase2-medications-20260217T043002Z/03_login.body.json": [
      {
        "type": "JSON Web Token",
        "filename": "reports/operations/manual-api-phase2-medications-20260217T043002Z/03_login.body.json",
        "hashed_secret": "8c69441e0a4e6ac8a8e117cacfe8a1fb43a0ff3f",
        "is_verified": false,
        "line_number": 1
      },
      {
        "type": "JSON Web Token",
        "filename": "reports/operations/manual-api-phase2-medications-20260217T043002Z/03_login.body.json",
        "hashed_secret": "b88c82f95e7e46d4923567cb06bccce4052e1286",
        "is_verified": false,
        "line_number": 1
      }
    ],
    "reports/operations/manual-api-phase2-vitals-history-20260217T044132Z/03_login.body.json": [
      {
        "type": "JSON Web Token",
        "filename": "reports/operations/manual-api-phase2-vitals-history-20260217T044132Z/03_login.body.json",
        "hashed_secret": "216fffbf94b4c9ad47bbfcfd276edde7bb72b895",
        "is_verified": false,
        "line_number": 1
      },
      {
        "type": "JSON Web Token",
        "filename": "reports/operations/manual-api-phase2-vitals-history-20260217T044132Z/03_login.body.json",
        "hashed_secret": "af7f2fc4a03cc5ec414153e5283cf95154f4b46e",
        "is_verified": false,
        "line_number": 1
      }
    ],
    "reports/operations/manual-api-phase2-vitals-history-20260217T044226Z-with-data/03_login.body.json": [
      {
        "type": "JSON Web Token",
        "filename": "reports/operations/manual-api-phase2-vitals-history-20260217T044226Z-with-data/03_login.body.json",
        "hashed_secret": "0d3e5cf677fb8ff1af568d8830b617948f7b40bf",
        "is_verified": false,
        "line_number": 1
      },
      {
        "type": "JSON Web Token",
        "filename": "reports/operations/manual-api-phase2-vitals-history-20260217T044226Z-with-data/03_login.body.json",
        "hashed_secret": "ca16a24a855c9d9489eab018ef0049fe159d7dee",
        "is_verified": false,
        "line_number": 1
      }
    ],
    "reports/operations/manual-api-phase5-docker-mode-20260217T061536Z/30_compose_config_default.txt": [
      {
        "type": "Basic Auth Credentials",
        "filename": "reports/operations/manual-api-phase5-docker-mode-20260217T061536Z/30_compose_config_default.txt",
        "hashed_secret": "423fd0f568778c9b3dd328d49c571a9f58e3521d",
        "is_verified": false,
        "line_number": 23
      }
    ],
    "reports/operations/manual-api-phase5-docker-mode-20260217T061536Z/31_compose_config_offline.txt": [
      {
        "type": "Basic Auth Credentials",
        "filename": "reports/operations/manual-api-phase5-docker-mode-20260217T061536Z/31_compose_config_offline.txt",
        "hashed_secret": "423fd0f568778c9b3dd328d49c571a9f58e3521d",
        "is_verified": false,
        "line_number": 23
      }
    ],
    "scripts/e2e/run_managed_e2e.sh": [
      {
        "type": "Basic Auth Credentials",
        "filename": "scripts/e2e/run_managed_e2e.sh",
        "hashed_secret": "e9edde18b44280c4b8600eacca27b9f7b58d13e5",
        "is_verified": false,
        "line_number": 42
      }
    ]
  },
  "generated_at": "2026-04-11T10:23:09Z"
}
